┏━━━━━━━━━━━━━━━━━━━━━━┳━━━━━━━━━━┳━━━━━━━━━━┳━━━━━━━━━━┳━━━━━━━━━━┳━━━━━━━━━━━┳━━━━━━━━━━┳━━━━━━━━━━━┳━━━━━━━━━━┳━━━━━━━━━━━┳━━━━━━━━━━┳━━━━━━━━━━━┳━━━━━━━━━━┓
┃                      ┃ Hold     ┃ Reg to   ┃          ┃          ┃ of which  ┃ Setup    ┃           ┃          ┃           ┃ of which ┃           ┃          ┃
┃                      ┃ Worst    ┃ Reg      ┃          ┃ Hold Vio ┃ reg to    ┃ Worst    ┃ Reg to    ┃ Setup    ┃ Setup Vio ┃ reg to   ┃ Max Cap   ┃ Max Slew ┃
┃ Corner/Group         ┃ Slack    ┃ Paths    ┃ Hold TNS ┃ Count    ┃ reg       ┃ Slack    ┃ Reg Paths ┃ TNS      ┃ Count     ┃ reg      ┃ Violatio… ┃ Violati… ┃
┡━━━━━━━━━━━━━━━━━━━━━━╇━━━━━━━━━━╇━━━━━━━━━━╇━━━━━━━━━━╇━━━━━━━━━━╇━━━━━━━━━━━╇━━━━━━━━━━╇━━━━━━━━━━━╇━━━━━━━━━━╇━━━━━━━━━━━╇━━━━━━━━━━╇━━━━━━━━━━━╇━━━━━━━━━━┩
│ Overall              │ 0.1099   │ 0.1099   │ 0.0000   │ 0        │ 0         │ 7.6089   │ 12.3053   │ 0.0000   │ 0         │ 0        │ 0         │ 100      │
│ nom_tt_025C_1v80     │ 0.3190   │ 0.3190   │ 0.0000   │ 0        │ 0         │ 11.2510  │ 19.3853   │ 0.0000   │ 0         │ 0        │ 0         │ 0        │
│ nom_ss_100C_1v60     │ 0.8698   │ 0.8698   │ 0.0000   │ 0        │ 0         │ 7.6747   │ 12.4136   │ 0.0000   │ 0         │ 0        │ 0         │ 54       │
│ nom_ff_n40C_1v95     │ 0.1119   │ 0.1119   │ 0.0000   │ 0        │ 0         │ 12.7161  │ 21.5992   │ 0.0000   │ 0         │ 0        │ 0         │ 0        │
│ min_tt_025C_1v80     │ 0.3148   │ 0.3148   │ 0.0000   │ 0        │ 0         │ 11.3077  │ 19.4317   │ 0.0000   │ 0         │ 0        │ 0         │ 0        │
│ min_ss_100C_1v60     │ 0.8605   │ 0.8605   │ 0.0000   │ 0        │ 0         │ 7.7467   │ 12.5128   │ 0.0000   │ 0         │ 0        │ 0         │ 47       │
│ min_ff_n40C_1v95     │ 0.1099   │ 0.1099   │ 0.0000   │ 0        │ 0         │ 12.7556  │ 21.6311   │ 0.0000   │ 0         │ 0        │ 0         │ 0        │
│ max_tt_025C_1v80     │ 0.3249   │ 0.3249   │ 0.0000   │ 0        │ 0         │ 11.1914  │ 19.3347   │ 0.0000   │ 0         │ 0        │ 0         │ 0        │
│ max_ss_100C_1v60     │ 0.8786   │ 0.8786   │ 0.0000   │ 0        │ 0         │ 7.6089   │ 12.3053   │ 0.0000   │ 0         │ 0        │ 0         │ 100      │
│ max_ff_n40C_1v95     │ 0.1135   │ 0.1135   │ 0.0000   │ 0        │ 0         │ 12.6763  │ 21.5653   │ 0.0000   │ 0         │ 0        │ 0         │ 0        │
└──────────────────────┴──────────┴──────────┴──────────┴──────────┴───────────┴──────────┴───────────┴──────────┴───────────┴──────────┴───────────┴──────────┘
